// Jest Snapshot v1, https://goo.gl/fbAQLP

exports[`Should render Create expense page correctly 1`] = `
<div>
  <ExpenseForm
    onSubmit={[Function]}
  />
</div>
`;
