// Jest Snapshot v1, https://goo.gl/fbAQLP

exports[`Should render Edit expense page correctly 1`] = `
<div>
  <ExpenseForm
    expense={
      Object {
        "amount": 3500,
        "createdAt": 0,
        "description": "Rent",
        "id": "1",
        "note": "",
      }
    }
    onSubmit={[Function]}
  />
  <div
    className="container"
  >
    <button
      className="btn"
      onClick={[Function]}
      style={
        Object {
          "backgroundColor": "#e3242b",
          "color": "white",
          "marginBottom": "1rem",
        }
      }
    >
      Remove expense
    </button>
  </div>
</div>
`;
