// Jest Snapshot v1, https://goo.gl/fbAQLP

exports[`Should render expense item component correctly 1`] = `
<div>
  <Link
    to="/edit/1"
  >
    <h1>
      Rent
    </h1>
  </Link>
  <p>
    35,00 MAD
  </p>
  <span>
    January 1st, 1970
  </span>
</div>
`;
