// Jest Snapshot v1, https://goo.gl/fbAQLP

exports[`Should render Loading page correctly 1`] = `
<div
  className="loader"
>
  <img
    className="loader__img"
    src="/images/loader.gif"
  />
</div>
`;
